RAM Allocation [bytes]
Variable                                                                          Address   Size
------------------------------------------------------------------------------------------------

EEPROM Allocation [bytes]
Variable                                                                          Address   Size
------------------------------------------------------------------------------------------------

Register Allocation
Variable                                                                          Register  Size
------------------------------------------------------------------------------------------------
jalan                                                                             R4,R5        2

FLASH Allocation [words]
Function                                                                          Address   Size
------------------------------------------------------------------------------------------------
variasi1                                                                          0x00045      3
variasi2                                                                          0x00048     20
tombol                                                                            0x0005C     11
aktif                                                                             0x00067     13
main                                                                              0x00074     11
